// Jest Snapshot v1, https://goo.gl/fbAQLP

exports[`should contain list of strings(sections) 1`] = `
Array [
  "arts",
  "automobiles",
  "books",
  "business",
  "fashion",
  "food",
  "health",
  "home",
  "insider",
  "magazine",
  "movies",
  "nyregion",
  "obituaries",
  "opinion",
  "politics",
  "realestate",
  "science",
  "sports",
  "sundayreview",
  "technology",
  "theater",
  "t-magazine",
  "travel",
  "upshot",
  "us",
  "world",
]
`;
